chipstack length 0.017
chipstack width 0.017
40 x 40 ; grid_length and width: 0.00042500000000000003 0.00042500000000000003
318.15
high-level solver = SPICE_transient
low-level solver = TRAP
layer number:0
       UnitName  BlockTemperature
0       Frame_B             56.86
1       Frame_L             56.92
2       Frame_R             56.92
3       Frame_T             56.86
4      MemArray             57.20
5  RowDecoder_L             56.36
6  RowDecoder_R             56.36
7    SenseAmp_B             56.28
8    SenseAmp_T             56.28
layer number:1
       UnitName  BlockTemperature
0       Frame_B             56.88
1       Frame_L             56.94
2       Frame_R             56.94
3       Frame_T             56.88
4      MemArray             57.20
5  RowDecoder_L             56.36
6  RowDecoder_R             56.36
7    SenseAmp_B             56.28
8    SenseAmp_T             56.28
layer number:2
       UnitName  BlockTemperature
0       Frame_B             56.88
1       Frame_L             56.93
2       Frame_R             56.93
3       Frame_T             56.88
4      MemArray             57.20
5  RowDecoder_L             56.36
6  RowDecoder_R             56.36
7    SenseAmp_B             56.28
8    SenseAmp_T             56.28
layer number:3
       UnitName  BlockTemperature
0       Frame_B             56.78
1       Frame_L             56.84
2       Frame_R             56.84
3       Frame_T             56.78
4      MemArray             57.10
5  RowDecoder_L             56.25
6  RowDecoder_R             56.25
7    SenseAmp_B             56.18
8    SenseAmp_T             56.18
layer number:4
       UnitName  BlockTemperature
0       Frame_B             56.07
1       Frame_L             56.15
2       Frame_R             56.15
3       Frame_T             56.07
4      MemArray             57.03
5  RowDecoder_L             56.19
6  RowDecoder_R             56.19
7    SenseAmp_B             56.11
8    SenseAmp_T             56.11
layer number:5
       UnitName  BlockTemperature
0       Frame_B             55.94
1       Frame_L             56.01
2       Frame_R             56.01
3       Frame_T             55.94
4      MemArray             57.01
5  RowDecoder_L             56.16
6  RowDecoder_R             56.16
7    SenseAmp_B             56.09
8    SenseAmp_T             56.09
layer number:6
       UnitName  BlockTemperature
0       Frame_B             55.80
1       Frame_L             55.87
2       Frame_R             55.87
3       Frame_T             55.80
4      MemArray             56.99
5  RowDecoder_L             56.14
6  RowDecoder_R             56.14
7    SenseAmp_B             56.07
8    SenseAmp_T             56.07
layer number:7
       UnitName  BlockTemperature
0       Frame_B             55.66
1       Frame_L             55.73
2       Frame_R             55.73
3       Frame_T             55.66
4      MemArray             56.97
5  RowDecoder_L             56.12
6  RowDecoder_R             56.12
7    SenseAmp_B             56.05
8    SenseAmp_T             56.05
layer number:8
       UnitName  BlockTemperature
0       Frame_B             55.52
1       Frame_L             55.59
2       Frame_R             55.59
3       Frame_T             55.52
4      MemArray             56.95
5  RowDecoder_L             56.10
6  RowDecoder_R             56.10
7    SenseAmp_B             56.03
8    SenseAmp_T             56.03
layer number:9
       UnitName  BlockTemperature
0       Frame_B             55.38
1       Frame_L             55.45
2       Frame_R             55.45
3       Frame_T             55.38
4      MemArray             56.92
5  RowDecoder_L             56.07
6  RowDecoder_R             56.07
7    SenseAmp_B             56.00
8    SenseAmp_T             56.00
layer number:10
       UnitName  BlockTemperature
0       Frame_B             55.24
1       Frame_L             55.31
2       Frame_R             55.31
3       Frame_T             55.24
4      MemArray             56.90
5  RowDecoder_L             56.05
6  RowDecoder_R             56.05
7    SenseAmp_B             55.98
8    SenseAmp_T             55.98
layer number:11
       UnitName  BlockTemperature
0       Frame_B             55.11
1       Frame_L             55.17
2       Frame_R             55.17
3       Frame_T             55.11
4      MemArray             56.87
5  RowDecoder_L             56.02
6  RowDecoder_R             56.02
7    SenseAmp_B             55.95
8    SenseAmp_T             55.95
layer number:12
       UnitName  BlockTemperature
5       Frame_B             56.00
7       Frame_L             55.93
3    SenseAmp_B             54.97
8       Frame_R             55.93
1  RowDecoder_L             55.04
0      MemArray             54.97
2  RowDecoder_R             55.04
4    SenseAmp_T             56.85
6       Frame_T             56.00
layer number:13
       UnitName  BlockTemperature
5       Frame_B             55.49
7       Frame_L             55.45
3    SenseAmp_B             54.57
8       Frame_R             55.45
1  RowDecoder_L             54.62
0      MemArray             54.57
2  RowDecoder_R             54.62
4    SenseAmp_T             56.34
6       Frame_T             55.49
