chipstack length 0.03
chipstack width 0.022
44 x 60 ; grid_length and width: 0.0005 0.0005
293.15
high-level solver = SuperLU
layer number:0
  UnitName  BlockTemperature
0    BSPDN           100.294
layer number:1
  UnitName  BlockTemperature
0   GPU_SI           100.294
layer number:2
   UnitName  BlockTemperature
0  GPU_FEOL           101.407
layer number:3
   UnitName  BlockTemperature
0  BEOL_MXY           101.397
layer number:4
  UnitName  BlockTemperature
0    OXIDE           100.901
layer number:5
        UnitName  BlockTemperature
0  GPU_HBM_UBUMP           100.548
layer number:6
  UnitName  BlockTemperature
0   Edge_L            83.280
1   Edge_R            83.280
2   MEM_LB            99.447
3   MEM_LT            99.447
4   MEM_RB            99.447
5   MEM_RT            99.447
6     Void            78.970
layer number:7
  UnitName  BlockTemperature
0   Edge_L            83.264
1   Edge_R            83.264
2   MEM_LB            99.226
3   MEM_LT            99.226
4   MEM_RB            99.226
5   MEM_RT            99.226
6     Void            78.955
layer number:8
  UnitName  BlockTemperature
0   Edge_L            83.239
1   Edge_R            83.239
2   MEM_LB            97.353
3   MEM_LT            97.353
4   MEM_RB            97.353
5   MEM_RT            97.353
6     Void            78.934
layer number:9
  UnitName  BlockTemperature
0   Edge_L            82.773
1   Edge_R            82.773
2   MEM_LB            97.162
3   MEM_LT            97.162
4   MEM_RB            97.162
5   MEM_RT            97.162
6     Void            78.523
layer number:10
  UnitName  BlockTemperature
0   Edge_L            82.754
1   Edge_R            82.754
2   MEM_LB            96.938
3   MEM_LT            96.938
4   MEM_RB            96.938
5   MEM_RT            96.938
6     Void            78.507
layer number:11
  UnitName  BlockTemperature
0   Edge_L            82.726
1   Edge_R            82.726
2   MEM_LB            95.043
3   MEM_LT            95.043
4   MEM_RB            95.043
5   MEM_RT            95.043
6     Void            78.482
layer number:12
  UnitName  BlockTemperature
0   Edge_L            82.215
1   Edge_R            82.215
2   MEM_LB            94.849
3   MEM_LT            94.849
4   MEM_RB            94.849
5   MEM_RT            94.849
6     Void            78.031
layer number:13
  UnitName  BlockTemperature
0   Edge_L            82.194
1   Edge_R            82.194
2   MEM_LB            94.623
3   MEM_LT            94.623
4   MEM_RB            94.623
5   MEM_RT            94.623
6     Void            78.013
layer number:14
  UnitName  BlockTemperature
0   Edge_L            82.163
1   Edge_R            82.163
2   MEM_LB            92.705
3   MEM_LT            92.705
4   MEM_RB            92.705
5   MEM_RT            92.705
6     Void            77.986
layer number:15
  UnitName  BlockTemperature
0   Edge_L            81.617
1   Edge_R            81.617
2   MEM_LB            92.502
3   MEM_LT            92.502
4   MEM_RB            92.502
5   MEM_RT            92.502
6     Void            77.504
layer number:16
  UnitName  BlockTemperature
0   Edge_L            81.595
1   Edge_R            81.595
2   MEM_LB            92.266
3   MEM_LT            92.266
4   MEM_RB            92.266
5   MEM_RT            92.266
6     Void            77.484
layer number:17
  UnitName  BlockTemperature
0   Edge_L            81.563
1   Edge_R            81.563
2   MEM_LB            90.262
3   MEM_LT            90.262
4   MEM_RB            90.262
5   MEM_RT            90.262
6     Void            77.455
layer number:18
  UnitName  BlockTemperature
0   Edge_L             80.99
1   Edge_R             80.99
2   MEM_LB             90.05
3   MEM_LT             90.05
4   MEM_RB             90.05
5   MEM_RT             90.05
6     Void             76.95
layer number:19
  UnitName  BlockTemperature
0   Edge_L            80.967
1   Edge_R            80.967
2   MEM_LB            89.803
3   MEM_LT            89.803
4   MEM_RB            89.803
5   MEM_RT            89.803
6     Void            76.930
layer number:20
  UnitName  BlockTemperature
0   Edge_L            80.933
1   Edge_R            80.933
2   MEM_LB            87.713
3   MEM_LT            87.713
4   MEM_RB            87.713
5   MEM_RT            87.713
6     Void            76.900
layer number:21
  UnitName  BlockTemperature
0   Edge_L            80.342
1   Edge_R            80.342
2   MEM_LB            87.492
3   MEM_LT            87.492
4   MEM_RB            87.492
5   MEM_RT            87.492
6     Void            76.378
layer number:22
  UnitName  BlockTemperature
0   Edge_L            80.319
1   Edge_R            80.319
2   MEM_LB            87.235
3   MEM_LT            87.235
4   MEM_RB            87.235
5   MEM_RT            87.235
6     Void            76.357
layer number:23
  UnitName  BlockTemperature
0   Edge_L            80.283
1   Edge_R            80.283
2   MEM_LB            85.058
3   MEM_LT            85.058
4   MEM_RB            85.058
5   MEM_RT            85.058
6     Void            76.326
layer number:24
  UnitName  BlockTemperature
0   Edge_L            79.681
1   Edge_R            79.681
2   MEM_LB            84.828
3   MEM_LT            84.828
4   MEM_RB            84.828
5   MEM_RT            84.828
6     Void            75.794
layer number:25
  UnitName  BlockTemperature
0   Edge_L            79.657
1   Edge_R            79.657
2   MEM_LB            84.561
3   MEM_LT            84.561
4   MEM_RB            84.561
5   MEM_RT            84.561
6     Void            75.773
layer number:26
  UnitName  BlockTemperature
0   Edge_L            79.621
1   Edge_R            79.621
2   MEM_LB            82.295
3   MEM_LT            82.295
4   MEM_RB            82.295
5   MEM_RT            82.295
6     Void            75.741
layer number:27
  UnitName  BlockTemperature
0   Edge_L            79.016
1   Edge_R            79.016
2   MEM_LB            82.057
3   MEM_LT            82.057
4   MEM_RB            82.057
5   MEM_RT            82.057
6     Void            75.206
layer number:28
  UnitName  BlockTemperature
0   Edge_L            78.992
1   Edge_R            78.992
2   MEM_LB            81.779
3   MEM_LT            81.779
4   MEM_RB            81.779
5   MEM_RT            81.779
6     Void            75.185
layer number:29
  UnitName  BlockTemperature
0   Edge_L            78.955
1   Edge_R            78.955
2   MEM_LB            79.424
3   MEM_LT            79.424
4   MEM_RB            79.424
5   MEM_RT            79.424
6     Void            75.153
layer number:30
  UnitName  BlockTemperature
0   Edge_L            78.480
1   Edge_R            78.480
2   MEM_LB            79.177
3   MEM_LT            79.177
4   MEM_RB            79.177
5   MEM_RT            79.177
6     Void            74.622
layer number:31
  UnitName  BlockTemperature
0   Edge_L            78.462
1   Edge_R            78.462
2   MEM_LB            78.888
3   MEM_LT            78.888
4   MEM_RB            78.888
5   MEM_RT            78.888
6     Void            74.601
layer number:32
  UnitName  BlockTemperature
0   Edge_L            78.435
1   Edge_R            78.435
2   MEM_LB            76.664
3   MEM_LT            76.664
4   MEM_RB            76.664
5   MEM_RT            76.664
6     Void            74.569
layer number:33
  UnitName  BlockTemperature
0   Edge_L            77.982
1   Edge_R            77.982
2   MEM_LB            76.494
3   MEM_LT            76.494
4   MEM_RB            76.494
5   MEM_RT            76.494
6     Void            74.053
layer number:34
  UnitName  BlockTemperature
0   Edge_L            77.964
1   Edge_R            77.964
2   MEM_LB            76.295
3   MEM_LT            76.295
4   MEM_RB            76.295
5   MEM_RT            76.295
6     Void            74.032
layer number:35
  UnitName  BlockTemperature
0   Edge_L            77.937
1   Edge_R            77.937
2   MEM_LB            74.610
3   MEM_LT            74.610
4   MEM_RB            74.610
5   MEM_RT            74.610
6     Void            74.001
layer number:36
  UnitName  BlockTemperature
0   Edge_L            77.487
1   Edge_R            77.487
2   MEM_LB            74.413
3   MEM_LT            74.413
4   MEM_RB            74.413
5   MEM_RT            74.413
6     Void            73.509
layer number:37
  UnitName  BlockTemperature
0   Edge_L            77.469
1   Edge_R            77.469
2   MEM_LB            74.183
3   MEM_LT            74.183
4   MEM_RB            74.183
5   MEM_RT            74.183
6     Void            73.490
layer number:38
  UnitName  BlockTemperature
0   Edge_L            77.443
1   Edge_R            77.443
2   MEM_LB            72.231
3   MEM_LT            72.231
4   MEM_RB            72.231
5   MEM_RT            72.231
6     Void            73.460
layer number:39
  UnitName  BlockTemperature
0   Edge_L            76.998
1   Edge_R            76.998
2   MEM_LB            71.993
3   MEM_LT            71.993
4   MEM_RB            71.993
5   MEM_RT            71.993
6     Void            73.008
layer number:40
  UnitName  BlockTemperature
0   Edge_L            76.980
1   Edge_R            76.980
2   MEM_LB            71.715
3   MEM_LT            71.715
4   MEM_RB            71.715
5   MEM_RT            71.715
6     Void            72.990
layer number:41
  UnitName  BlockTemperature
0   Edge_L            76.953
1   Edge_R            76.953
2   MEM_LB            69.364
3   MEM_LT            69.364
4   MEM_RB            69.364
5   MEM_RT            69.364
6     Void            72.963
layer number:42
  UnitName  BlockTemperature
0      TIM            76.513
layer number:43
  UnitName  BlockTemperature
0      LID            51.232
layer number:44
  UnitName  BlockTemperature
0      LID            44.738
