chipstack length 0.03
chipstack width 0.022
44 x 60 ; grid_length and width: 0.0005 0.0005
293.15
high-level solver = SuperLU
layer number:0
  UnitName  BlockTemperature
0    BSPDN            96.579
layer number:1
  UnitName  BlockTemperature
0   GPU_SI            96.579
layer number:2
   UnitName  BlockTemperature
0  GPU_FEOL             97.61
layer number:3
   UnitName  BlockTemperature
0  BEOL_MXY              97.6
layer number:4
  UnitName  BlockTemperature
0    OXIDE            97.098
layer number:5
        UnitName  BlockTemperature
0  GPU_HBM_UBUMP             96.74
layer number:6
  UnitName  BlockTemperature
0   Edge_L            80.357
1   Edge_R            80.357
2   MEM_LB            95.624
3   MEM_LT            95.624
4   MEM_RB            95.624
5   MEM_RT            95.624
6     Void            76.483
layer number:7
  UnitName  BlockTemperature
0   Edge_L            80.341
1   Edge_R            80.341
2   MEM_LB            95.400
3   MEM_LT            95.400
4   MEM_RB            95.400
5   MEM_RT            95.400
6     Void            76.469
layer number:8
  UnitName  BlockTemperature
0   Edge_L            80.317
1   Edge_R            80.317
2   MEM_LB            93.503
3   MEM_LT            93.503
4   MEM_RB            93.503
5   MEM_RT            93.503
6     Void            76.448
layer number:9
  UnitName  BlockTemperature
0   Edge_L            79.862
1   Edge_R            79.862
2   MEM_LB            93.308
3   MEM_LT            93.308
4   MEM_RB            93.308
5   MEM_RT            93.308
6     Void            76.045
layer number:10
  UnitName  BlockTemperature
0   Edge_L            79.844
1   Edge_R            79.844
2   MEM_LB            93.082
3   MEM_LT            93.082
4   MEM_RB            93.082
5   MEM_RT            93.082
6     Void            76.029
layer number:11
  UnitName  BlockTemperature
0   Edge_L            79.816
1   Edge_R            79.816
2   MEM_LB            91.161
3   MEM_LT            91.161
4   MEM_RB            91.161
5   MEM_RT            91.161
6     Void            76.005
layer number:12
  UnitName  BlockTemperature
0   Edge_L            79.319
1   Edge_R            79.319
2   MEM_LB            90.964
3   MEM_LT            90.964
4   MEM_RB            90.964
5   MEM_RT            90.964
6     Void            75.564
layer number:13
  UnitName  BlockTemperature
0   Edge_L            79.299
1   Edge_R            79.299
2   MEM_LB            90.735
3   MEM_LT            90.735
4   MEM_RB            90.735
5   MEM_RT            90.735
6     Void            75.546
layer number:14
  UnitName  BlockTemperature
0   Edge_L            79.269
1   Edge_R            79.269
2   MEM_LB            88.790
3   MEM_LT            88.790
4   MEM_RB            88.790
5   MEM_RT            88.790
6     Void            75.520
layer number:15
  UnitName  BlockTemperature
0   Edge_L            78.740
1   Edge_R            78.740
2   MEM_LB            88.591
3   MEM_LT            88.591
4   MEM_RB            88.591
5   MEM_RT            88.591
6     Void            75.051
layer number:16
  UnitName  BlockTemperature
0   Edge_L            78.719
1   Edge_R            78.719
2   MEM_LB            88.359
3   MEM_LT            88.359
4   MEM_RB            88.359
5   MEM_RT            88.359
6     Void            75.032
layer number:17
  UnitName  BlockTemperature
0   Edge_L            78.687
1   Edge_R            78.687
2   MEM_LB            86.390
3   MEM_LT            86.390
4   MEM_RB            86.390
5   MEM_RT            86.390
6     Void            75.004
layer number:18
  UnitName  BlockTemperature
0   Edge_L            78.135
1   Edge_R            78.135
2   MEM_LB            86.188
3   MEM_LT            86.188
4   MEM_RB            86.188
5   MEM_RT            86.188
6     Void            74.515
layer number:19
  UnitName  BlockTemperature
0   Edge_L            78.113
1   Edge_R            78.113
2   MEM_LB            85.953
3   MEM_LT            85.953
4   MEM_RB            85.953
5   MEM_RT            85.953
6     Void            74.496
layer number:20
  UnitName  BlockTemperature
0   Edge_L            78.080
1   Edge_R            78.080
2   MEM_LB            83.959
3   MEM_LT            83.959
4   MEM_RB            83.959
5   MEM_RT            83.959
6     Void            74.466
layer number:21
  UnitName  BlockTemperature
0   Edge_L            77.513
1   Edge_R            77.513
2   MEM_LB            83.755
3   MEM_LT            83.755
4   MEM_RB            83.755
5   MEM_RT            83.755
6     Void            73.963
layer number:22
  UnitName  BlockTemperature
0   Edge_L            77.490
1   Edge_R            77.490
2   MEM_LB            83.516
3   MEM_LT            83.516
4   MEM_RB            83.516
5   MEM_RT            83.516
6     Void            73.943
layer number:23
  UnitName  BlockTemperature
0   Edge_L            77.456
1   Edge_R            77.456
2   MEM_LB            81.497
3   MEM_LT            81.497
4   MEM_RB            81.497
5   MEM_RT            81.497
6     Void            73.913
layer number:24
  UnitName  BlockTemperature
0   Edge_L            76.880
1   Edge_R            76.880
2   MEM_LB            81.284
3   MEM_LT            81.284
4   MEM_RB            81.284
5   MEM_RT            81.284
6     Void            73.402
layer number:25
  UnitName  BlockTemperature
0   Edge_L            76.856
1   Edge_R            76.856
2   MEM_LB            81.035
3   MEM_LT            81.035
4   MEM_RB            81.035
5   MEM_RT            81.035
6     Void            73.381
layer number:26
  UnitName  BlockTemperature
0   Edge_L            76.822
1   Edge_R            76.822
2   MEM_LB            78.927
3   MEM_LT            78.927
4   MEM_RB            78.927
5   MEM_RT            78.927
6     Void            73.351
layer number:27
  UnitName  BlockTemperature
0   Edge_L            76.262
1   Edge_R            76.262
2   MEM_LB            78.705
3   MEM_LT            78.705
4   MEM_RB            78.705
5   MEM_RT            78.705
6     Void            72.837
layer number:28
  UnitName  BlockTemperature
0   Edge_L            76.245
1   Edge_R            76.245
2   MEM_LB            78.445
3   MEM_LT            78.445
4   MEM_RB            78.445
5   MEM_RT            78.445
6     Void            72.817
layer number:29
  UnitName  BlockTemperature
0   Edge_L            76.219
1   Edge_R            76.219
2   MEM_LB            76.248
3   MEM_LT            76.248
4   MEM_RB            76.248
5   MEM_RT            76.248
6     Void            72.786
layer number:30
  UnitName  BlockTemperature
0   Edge_L            75.782
1   Edge_R            75.782
2   MEM_LB            76.017
3   MEM_LT            76.017
4   MEM_RB            76.017
5   MEM_RT            76.017
6     Void            72.277
layer number:31
  UnitName  BlockTemperature
0   Edge_L            75.764
1   Edge_R            75.764
2   MEM_LB            75.747
3   MEM_LT            75.747
4   MEM_RB            75.747
5   MEM_RT            75.747
6     Void            72.257
layer number:32
  UnitName  BlockTemperature
0   Edge_L            75.738
1   Edge_R            75.738
2   MEM_LB            73.910
3   MEM_LT            73.910
4   MEM_RB            73.910
5   MEM_RT            73.910
6     Void            72.226
layer number:33
  UnitName  BlockTemperature
0   Edge_L            75.303
1   Edge_R            75.303
2   MEM_LB            73.749
3   MEM_LT            73.749
4   MEM_RB            73.749
5   MEM_RT            73.749
6     Void            71.731
layer number:34
  UnitName  BlockTemperature
0   Edge_L            75.286
1   Edge_R            75.286
2   MEM_LB            73.561
3   MEM_LT            73.561
4   MEM_RB            73.561
5   MEM_RT            73.561
6     Void            71.711
layer number:35
  UnitName  BlockTemperature
0   Edge_L            75.260
1   Edge_R            75.260
2   MEM_LB            71.970
3   MEM_LT            71.970
4   MEM_RB            71.970
5   MEM_RT            71.970
6     Void            71.681
layer number:36
  UnitName  BlockTemperature
0   Edge_L            74.829
1   Edge_R            74.829
2   MEM_LB            71.782
3   MEM_LT            71.782
4   MEM_RB            71.782
5   MEM_RT            71.782
6     Void            71.209
layer number:37
  UnitName  BlockTemperature
0   Edge_L            74.811
1   Edge_R            74.811
2   MEM_LB            71.564
3   MEM_LT            71.564
4   MEM_RB            71.564
5   MEM_RT            71.564
6     Void            71.191
layer number:38
  UnitName  BlockTemperature
0   Edge_L            74.786
1   Edge_R            74.786
2   MEM_LB            69.712
3   MEM_LT            69.712
4   MEM_RB            69.712
5   MEM_RT            69.712
6     Void            71.162
layer number:39
  UnitName  BlockTemperature
0   Edge_L            74.359
1   Edge_R            74.359
2   MEM_LB            69.486
3   MEM_LT            69.486
4   MEM_RB            69.486
5   MEM_RT            69.486
6     Void            70.752
layer number:40
  UnitName  BlockTemperature
0   Edge_L            74.342
1   Edge_R            74.342
2   MEM_LB            69.222
3   MEM_LT            69.222
4   MEM_RB            69.222
5   MEM_RT            69.222
6     Void            70.738
layer number:41
  UnitName  BlockTemperature
0   Edge_L            74.316
1   Edge_R            74.316
2   MEM_LB            66.985
3   MEM_LT            66.985
4   MEM_RB            66.985
5   MEM_RT            66.985
6     Void            70.716
layer number:42
  UnitName  BlockTemperature
0      TIM            73.895
layer number:43
  UnitName  BlockTemperature
0      LID             49.76
layer number:44
  UnitName  BlockTemperature
0      LID            43.572
